ZSmo, ZSmo, ZSmo, ZSmo, ZSmo, ZSmo, ZSmo, ZSmo, ZSmo, ZSmo, ZSmo, ZSmo, ZSmo, ZSmo, ZSmo, ZSmo, ZSmo, ZShi, ZShi, ZSwo, ZSwo, ZSwo, ZSwo, ZSwo, ZSwo, ZSwo, ZSwo, ZSwo, ZSwa, ZSwa, ZSwa, ZSwa
ZSmo, ZSmo, ZShi, ZSmo, ZSmo, ZShi, ZSmo, ZShi, ZSmo, ZSmo, ZSmo, ZSmo, ZSmo^ZSw|, ZSmo, ZSmo, ZSmo, ZShi, ZShi, ZSwo, ZSwo, ZSwo^ZSfo, ZSwo, ZSwo, ZSwo, ZSwo, ZSwo, ZSha, ZSha, ZSwa, ZSwa, ZSwa, ZSwa
ZSmo, ZSmo, ZShi, ZShi, ZShi, ZSmo, ZSmo, ZSmo, ZSmo, ZSmo, ZSmo, ZSmo, ZShi^ZSw|, ZSmo, ZSmo, ZSmo, ZShi, ZSwo, ZSwo, ZSwo, ZSwo, ZSwo, ZSwo, ZSwo, ZSha, ZSha, ZSwa, ZSwa, ZSwa, ZSwa, ZSwa, ZSwa
ZSmo, ZSmo, ZShi, ZShi, ZShi, ZSmo, ZSmo, ZSmo, ZSmo, ZSmo, ZSmo, ZShi^ZSfo, ZShi^ZSw|, ZSmo, ZSmo, ZSmo, ZSwo, ZSwo, ZSwo, ZSwo, ZSwo, ZSwo, ZSwo, ZSha, ZSha, ZSfl, ZSwa, ZSwa, ZSwa, ZSwa, ZSwa, ZSwa
ZSmo, ZSmo, ZShi, ZSha, ZShi, ZShi, ZShi, ZShi, ZSwo, ZSmo, ZShi, ZShi^ZSw/, ZShi, ZSmo, ZSmo, ZSwo, ZSwo, ZSwo, ZSmo, ZSmo, ZSwo, ZSwo, ZSha, ZSha, ZSwo, ZSwo, ZSfl, ZSwa, ZSwa, ZSwa, ZSwa, ZSwa
ZSmo, ZSmo, ZSha, ZSwo, ZSwo, ZShi, ZShi, ZSwo, ZSwo, ZSwo, ZShi^ZSw/, ZShi^ZSw|, ZSwo, ZSmo, ZSmo, ZSmo, ZSwo, ZSmo, ZSmo, ZSmo, ZSmo, ZSha, ZShi, ZSha, ZSha, ZSwo, ZSfl, ZSwa, ZSwa, ZSwa, ZSwa, ZSwa
ZSwo, ZSmo, ZSmo, ZSwo, ZSmo, ZSha, ZSha, ZSha, ZSha, ZSwo^ZSw/, ZSwo, ZSwo, ZShi, ZSmo, ZShi, ZSmo, ZSmo, ZSmo, ZSmo, ZSmo, ZSmo, ZSmo, ZSmo, ZSha, ZShi, ZSha, ZSha, ZSfl^ZSca, ZSwa, ZSwa, ZSwa, ZSwa
ZSwo, ZSwo, ZSwo, ZSmo, ZSmo, ZSmo, ZSwo, ZSfl, ZSfl, ZSha^ZSw|, ZSha, ZShi, ZSha, ZShi, ZSha, ZSha, ZSha, ZSsw, ZShi, ZSmo, ZShi, ZSmo, ZShi, ZSmo, ZShi, ZShi, ZSha, ZSwa, ZSwa, ZSwa, ZSwa, ZSwa
ZSwo, ZSwo, ZSwo, ZSwo, ZSmo, ZSmo, ZSmo, ZSwo, ZSmo, ZSfl^ZSw|, ZSfl^ZSw\, ZSfl, ZSfl^ZSci, ZSha, ZSfl, ZSfl, ZSfl^ZSw/, ZSsw, ZSsw, ZShi, ZSsw, ZShi, ZShi, ZShi, ZSha, ZSha, ZSha, ZSwa, ZSwa, ZSwa, ZSwa, ZSwa
ZSwo, ZSwo, ZSha, ZSmo, ZSmo, ZSmo, ZSmo, ZSmo, ZSmo, ZSfl, ZSfl, ZSfl^ZSw\, ZSfl^ZSw\, ZSfl^ZSw/, ZSfl^ZSw\, ZSfl^ZSw/, ZSwo, ZSfl^ZSw\, ZSsw^ZSw\, ZSsw, ZSfl, ZSsw, ZSsw, ZSsw, ZSsw, ZSha, ZSwa, ZSwa, ZSwa, ZSwa, ZSwa, ZSwa
ZSwo, ZSha, ZSha, ZSmo, ZSwo, ZSmo, ZSwo, ZSmo, ZSha, ZSmo, ZSmo, ZSwo, ZSfl^ZSw|, ZSwo, ZSwo, ZSwo, ZSwo, ZSwo, ZSfl, ZSsw^ZSw\, ZSsw, ZSsw, ZSsw, ZSsw, ZSsw, ZShi, ZShi, ZSwa, ZSwa, ZSwa, ZSwa, ZSwa
ZSwo, ZSha, ZSha, ZSwo, ZSha, ZSwo, ZSha, ZSha, ZSmo, ZSmo, ZSmo, ZSmo, ZSmo, ZSmo, ZSwo, ZShi, ZSfl, ZSfl, ZSwo, ZSwo, ZSmo, ZSsw, ZSmo, ZShi, ZSmo, ZSmo, ZShi, ZSwa, ZSwa, ZSwa, ZSwa, ZSwa
ZSha, ZSwo, ZSha, ZSha, ZSha, ZSha, ZSha, ZSmo, ZSmo, ZSmo, ZSmo, ZSmo, ZSmo, ZSmo, ZSha, ZShi, ZSha, ZSha, ZSha, ZSmo, ZSha, ZSmo, ZSmo, ZSmo, ZShi, ZSmo, ZShi, ZSwa, ZSwa, ZSwa, ZSwa, ZSwa
ZSwa, ZSha, ZSha, ZSha, ZSha, ZSha, ZSha, ZSha, ZSmo, ZSmo, ZSmo, ZSmo, ZSmo, ZShi^ZSw\, ZSha^ZSw\, ZSha, ZSha^ZSfo, ZSha, ZSsw, ZSwo, ZSwo, ZSwo, ZSwo, ZSmo, ZSha, ZShi, ZSwa, ZSwa, ZSwa, ZSwa, ZSwa, ZSwa
ZSwa, ZSwa, ZSha, ZSha, ZSha, ZSha, ZSha, ZSha, ZSwo, ZSmo, ZSwo, ZSwo, ZSwo, ZSwo, ZSwo, ZSha^ZSw\, ZSsw, ZSha, ZSha, ZSsw, ZSwo, ZSwo, ZSwo, ZSwo, ZSwa, ZSwa, ZSwa, ZSwa, ZSwa, ZSwa, ZSwa, ZSwa
ZSwa, ZSwa, ZSwa, ZSha, ZSha^ZSfo, ZSha, ZSha, ZSha, ZSwo, ZSwo, ZSwo^ZSvi, ZSwo, ZSwo, ZSwo, ZSsw, ZSha^ZSw|, ZSha, ZSsw, ZSsw, ZSwo, ZSwo, ZSwo, ZSha, ZSwa, ZSwa, ZSwa, ZSwa, ZSwa, ZSwa, ZSwa, ZSwa, ZSwa
ZSwa, ZSwa, ZSwa, ZSwa, ZSwa, ZSwa, ZSwa, ZSwa, ZSwo, ZSwo, ZSwo, ZSwo, ZShi, ZSsw, ZSsw^ZSca, ZSha^ZSw|, ZSha, ZSsw, ZSsw, ZSsw, ZSsw, ZSha, ZSwa, ZSha^ZSca, ZSwa, ZSwa, ZSwa, ZSwa, ZSwa, ZSwa, ZSwa, ZSwa
ZSwa, ZSwa, ZSwa, ZSwa, ZSwa, ZSwa, ZSwa, ZSwa, ZSwa, ZSwo, ZSwa, ZShi, ZSwa, ZSsw, ZSwa, ZSwa^ZSde, ZSwa, ZSwa, ZSwa, ZSwa, ZSwa, ZSwa, ZSwa, ZSwa, ZSwa, ZSwa, ZSwa, ZSwa, ZSwa, ZSwa, ZSwa, ZSwa
ZSwa, ZSwa, ZSwa, ZSwa, ZSwa, ZSwa, ZSwa, ZSwa, ZSwa, ZSwa, ZSwa, ZSwa, ZSwa, ZSwa, ZSwa, ZSwa, ZSwa, ZSwa, ZSwa, ZSwa, ZSwa, ZSwa, ZSwa, ZSwa, ZSwa, ZSwa, ZSha^ZSfo, ZShi, ZSmo, ZSmo, ZSwa, ZSwa
ZSwa, ZSwa, ZSwa, ZSwa, ZSwa, ZSwa, ZSwa, ZSwa, ZSwa, ZSwa, ZSwa, ZSwa, ZSwa, ZSwa, ZSwa, ZSwa, ZSwa, ZSwa, ZSwa, ZSwa, ZSwa, ZSwa, ZSwa, ZSwa, ZSwa, ZSwa, ZSha, ZShi, ZShi, ZSmo, ZSwa, ZSwa
ZSwa, ZSwa, ZSwa, ZSwa, ZSwa, ZSwa, ZSwa, ZSwa, ZSwa, ZSwa, ZSwa, ZSwa, ZSwa, ZSwa, ZSwa, ZSwa, ZSwa, ZSwa, ZSwa, ZSwa, ZSwa, ZSwa, ZSwa, ZSwa, ZSwa, ZSwa, ZSwa, ZSwa, ZSwa, ZSwa, ZSwa, ZSwa
ZSwa, ZSwa, ZSwa, ZSwa, ZSwa, ZSwa, ZSwa, ZSwa, ZSwa, ZSwa, ZSwa, ZSwa, ZSwa, ZSwa, ZSwa, ZSwa, ZSwa, ZSwa, ZSwa, ZSwa, ZSwa, ZSwa, ZSwa, ZSwa, ZSwa, ZSwa, ZSwa, ZSwa, ZSwa, ZSwa, ZSwa, ZSwa
